echo Hello
echo Hello World!
